// Jest Snapshot v1, https://goo.gl/fbAQLP

exports[`Bubble sort sort returns a trace containing the correct intermediate array steps 1`] = `"[[6,5,10,9,8,4,7,3,1,2],[6,5,10,9,8,4,7,3,1,2],[5,6,10,9,8,4,7,3,1,2],[5,6,10,9,8,4,7,3,1,2],[5,6,10,9,8,4,7,3,1,2],[5,6,9,10,8,4,7,3,1,2],[5,6,9,10,8,4,7,3,1,2],[5,6,9,8,10,4,7,3,1,2],[5,6,9,8,10,4,7,3,1,2],[5,6,9,8,4,10,7,3,1,2],[5,6,9,8,4,10,7,3,1,2],[5,6,9,8,4,7,10,3,1,2],[5,6,9,8,4,7,10,3,1,2],[5,6,9,8,4,7,3,10,1,2],[5,6,9,8,4,7,3,10,1,2],[5,6,9,8,4,7,3,1,10,2],[5,6,9,8,4,7,3,1,10,2],[5,6,9,8,4,7,3,1,2,10],[5,6,9,8,4,7,3,1,2,10],[5,6,9,8,4,7,3,1,2,10],[5,6,9,8,4,7,3,1,2,10],[5,6,8,9,4,7,3,1,2,10],[5,6,8,9,4,7,3,1,2,10],[5,6,8,4,9,7,3,1,2,10],[5,6,8,4,9,7,3,1,2,10],[5,6,8,4,7,9,3,1,2,10],[5,6,8,4,7,9,3,1,2,10],[5,6,8,4,7,3,9,1,2,10],[5,6,8,4,7,3,9,1,2,10],[5,6,8,4,7,3,1,9,2,10],[5,6,8,4,7,3,1,9,2,10],[5,6,8,4,7,3,1,2,9,10],[5,6,8,4,7,3,1,2,9,10],[5,6,8,4,7,3,1,2,9,10],[5,6,8,4,7,3,1,2,9,10],[5,6,4,8,7,3,1,2,9,10],[5,6,4,8,7,3,1,2,9,10],[5,6,4,7,8,3,1,2,9,10],[5,6,4,7,8,3,1,2,9,10],[5,6,4,7,3,8,1,2,9,10],[5,6,4,7,3,8,1,2,9,10],[5,6,4,7,3,1,8,2,9,10],[5,6,4,7,3,1,8,2,9,10],[5,6,4,7,3,1,2,8,9,10],[5,6,4,7,3,1,2,8,9,10],[5,6,4,7,3,1,2,8,9,10],[5,4,6,7,3,1,2,8,9,10],[5,4,6,7,3,1,2,8,9,10],[5,4,6,7,3,1,2,8,9,10],[5,4,6,3,7,1,2,8,9,10],[5,4,6,3,7,1,2,8,9,10],[5,4,6,3,1,7,2,8,9,10],[5,4,6,3,1,7,2,8,9,10],[5,4,6,3,1,2,7,8,9,10],[5,4,6,3,1,2,7,8,9,10],[4,5,6,3,1,2,7,8,9,10],[4,5,6,3,1,2,7,8,9,10],[4,5,6,3,1,2,7,8,9,10],[4,5,3,6,1,2,7,8,9,10],[4,5,3,6,1,2,7,8,9,10],[4,5,3,1,6,2,7,8,9,10],[4,5,3,1,6,2,7,8,9,10],[4,5,3,1,2,6,7,8,9,10],[4,5,3,1,2,6,7,8,9,10],[4,5,3,1,2,6,7,8,9,10],[4,3,5,1,2,6,7,8,9,10],[4,3,5,1,2,6,7,8,9,10],[4,3,1,5,2,6,7,8,9,10],[4,3,1,5,2,6,7,8,9,10],[4,3,1,2,5,6,7,8,9,10],[4,3,1,2,5,6,7,8,9,10],[3,4,1,2,5,6,7,8,9,10],[3,4,1,2,5,6,7,8,9,10],[3,1,4,2,5,6,7,8,9,10],[3,1,4,2,5,6,7,8,9,10],[3,1,2,4,5,6,7,8,9,10],[3,1,2,4,5,6,7,8,9,10],[1,3,2,4,5,6,7,8,9,10],[1,3,2,4,5,6,7,8,9,10],[1,2,3,4,5,6,7,8,9,10],[1,2,3,4,5,6,7,8,9,10],[1,2,3,4,5,6,7,8,9,10]]"`;
