// Jest Snapshot v1, https://goo.gl/fbAQLP

exports[`ImageArrayView renders correctly 1`] = `
.c0 {
  display: grid;
  grid-template-columns: repeat(5,1fr);
  -webkit-column-gap: 1px;
  column-gap: 1px;
  -webkit-align-items: end;
  -webkit-box-align: end;
  -ms-flex-align: end;
  align-items: end;
  height: 30vh;
}

.c1 {
  background-color: #4c566a;
  color: white;
  -webkit-transition: -webkit-transform 100ms ease-out;
  -webkit-transition: transform 100ms ease-out;
  transition: transform 100ms ease-out;
}

.c1:hover {
  -webkit-transform: translateY(-1rem);
  -ms-transform: translateY(-1rem);
  transform: translateY(-1rem);
}

.c1:hover::before {
  content: "";
  position: absolute;
  top: 0;
  left: 0;
  right: 0;
  bottom: -1rem;
  z-index: -1;
}

.c2 {
  background-image: url("/path/to/image.jpg");
  background-position: 75% 0%;
  background-repeat: no-repeat;
  background-size: 500% 100%;
  height: 100%;
}

.c3 {
  background-image: url("/path/to/image.jpg");
  background-position: 25% 0%;
  background-repeat: no-repeat;
  background-size: 500% 100%;
  height: 100%;
}

.c4 {
  background-image: url("/path/to/image.jpg");
  background-position: 100% 0%;
  background-repeat: no-repeat;
  background-size: 500% 100%;
  height: 100%;
}

.c5 {
  background-image: url("/path/to/image.jpg");
  background-position: 0% 0%;
  background-repeat: no-repeat;
  background-size: 500% 100%;
  height: 100%;
}

.c6 {
  background-image: url("/path/to/image.jpg");
  background-position: 50% 0%;
  background-repeat: no-repeat;
  background-size: 500% 100%;
  height: 100%;
}

<div
  className="c0"
>
  <div
    className="c1 c2"
  />
  <div
    className="c1 c3"
  />
  <div
    className="c1 c4"
  />
  <div
    className="c1 c5"
  />
  <div
    className="c1 c6"
  />
</div>
`;
